Copyright 1986-2015 Xilinx, Inc. All Rights Reserved.
--------------------------------------------------------------------------------------
| Tool Version : Vivado v.2015.4 (win64) Build 1412921 Wed Nov 18 09:43:45 MST 2015
| Date         : Thu Aug 10 01:25:03 2017
| Host         : Sai-PC running 64-bit major release  (build 9200)
| Command      : report_control_sets -verbose -file nbyn_full_control_sets_placed.rpt
| Design       : nbyn_full
| Device       : xc7vx690t
--------------------------------------------------------------------------------------

Control Set Information

Table of Contents
-----------------
1. Summary
2. Flip-Flop Distribution
3. Detailed Control Set Information

1. Summary
----------

+-------------------------------------------------------------------+-------+
|                               Status                              | Count |
+-------------------------------------------------------------------+-------+
| Number of unique control sets                                     |    78 |
| Minimum Number of register sites lost to control set restrictions |   383 |
+-------------------------------------------------------------------+-------+


2. Flip-Flop Distribution
-------------------------

+--------------+-----------------------+------------------------+-----------------+--------------+
| Clock Enable | Synchronous Set/Reset | Asynchronous Set/Reset | Total Registers | Total Slices |
+--------------+-----------------------+------------------------+-----------------+--------------+
| No           | No                    | No                     |            4460 |         2504 |
| No           | No                    | Yes                    |              12 |            7 |
| No           | Yes                   | No                     |               0 |            0 |
| Yes          | No                    | No                     |           17626 |         4849 |
| Yes          | No                    | Yes                    |              48 |            7 |
| Yes          | Yes                   | No                     |              23 |            7 |
+--------------+-----------------------+------------------------+-----------------+--------------+


3. Detailed Control Set Information
-----------------------------------

+----------------+-------------------------------------------------------------------------------------------------------------------------------------------------------------------------------------------------------------+--------------------------------------------------------------------------------------------------------------------------------------------------------------------------------------------------+------------------+----------------+
|  Clock Signal  |                                                                                                Enable Signal                                                                                                |                                                                                         Set/Reset Signal                                                                                         | Slice Load Count | Bel Load Count |
+----------------+-------------------------------------------------------------------------------------------------------------------------------------------------------------------------------------------------------------+--------------------------------------------------------------------------------------------------------------------------------------------------------------------------------------------------+------------------+----------------+
|  clk_IBUF_BUFG |                                                                                                                                                                                                             | xs[0].ys[0].instnce.nbyn_main_instance/main_pe/fifo/inst/gen_fifo_generator.fifo_generator_inst/inst_fifo_gen/gaxis_fifo.gaxisf.axisf/grf.rf/rstblk/rst_wr_reg2                                  |                1 |              1 |
|  clk_IBUF_BUFG |                                                                                                                                                                                                             | xs[0].ys[0].instnce.nbyn_main_instance/main_pe/fifo/inst/gen_fifo_generator.fifo_generator_inst/inst_fifo_gen/gaxis_fifo.gaxisf.axisf/grf.rf/rstblk/ngwrdrst.grst.g7serrst.wr_rst_reg[1]_i_1_n_0 |                1 |              1 |
|  clk_IBUF_BUFG |                                                                                                                                                                                                             | xs[0].ys[0].instnce.nbyn_main_instance/main_pe/fifo/inst/gen_fifo_generator.fifo_generator_inst/inst_fifo_gen/gaxis_fifo.gaxisf.axisf/grf.rf/rstblk/rst_rd_reg2                                  |                1 |              1 |
|  clk_IBUF_BUFG |                                                                                                                                                                                                             | xs[0].ys[0].instnce.nbyn_main_instance/main_pe/fifo/inst/gen_fifo_generator.fifo_generator_inst/inst_fifo_gen/gaxis_fifo.gaxisf.axisf/grf.rf/rstblk/ngwrdrst.grst.g7serrst.rd_rst_reg[2]_i_1_n_0 |                1 |              2 |
|  clk_IBUF_BUFG |                                                                                                                                                                                                             | xs[0].ys[0].instnce.nbyn_main_instance/main_pe/fifo/inst/gen_fifo_generator.fifo_generator_inst/inst_fifo_gen/gaxis_fifo.gaxisf.axisf/grf.rf/rstblk/rst_d2                                       |                1 |              2 |
|  clk_IBUF_BUFG |                                                                                                                                                                                                             | xs[0].ys[0].instnce.nbyn_main_instance/main_pe/fifo/inst/gen_fifo_generator.fifo_generator_inst/inst_fifo_gen/gaxis_fifo.gaxisf.axisf/grf.rf/rstblk/Q[1]                                         |                2 |              5 |
|  clk_IBUF_BUFG | xs[0].ys[0].instnce.nbyn_main_instance/main_pe/scheduler_inst/o_data0                                                                                                                                       | xs[0].ys[0].instnce.nbyn_main_instance/main_pe/scheduler_inst/pck_no[4]_i_1_n_0                                                                                                                  |                1 |              5 |
|  clk_IBUF_BUFG | xs[0].ys[0].instnce.nbyn_main_instance/main_pe/scheduler_inst/o_data_pci0                                                                                                                                   | xs[0].ys[0].instnce.nbyn_main_instance/main_pe/scheduler_inst/rd_addr                                                                                                                            |                6 |             18 |
|  clk_IBUF_BUFG | xs[0].ys[0].instnce.nbyn_main_instance/main_pe/fifo/inst/gen_fifo_generator.fifo_generator_inst/inst_fifo_gen/gaxis_fifo.gaxisf.axisf/grf.rf/gntv_or_sync_fifo.gl0.rd/gr1.rfwft/E[0]                        | xs[0].ys[0].instnce.nbyn_main_instance/main_pe/fifo/inst/gen_fifo_generator.fifo_generator_inst/inst_fifo_gen/gaxis_fifo.gaxisf.axisf/grf.rf/rstblk/Q[1]                                         |                3 |             24 |
|  clk_IBUF_BUFG | xs[0].ys[0].instnce.nbyn_main_instance/main_pe/fifo/inst/gen_fifo_generator.fifo_generator_inst/inst_fifo_gen/gaxis_fifo.gaxisf.axisf/grf.rf/gntv_or_sync_fifo.gl0.wr/gwss.wsts/E[0]                        | xs[0].ys[0].instnce.nbyn_main_instance/main_pe/fifo/inst/gen_fifo_generator.fifo_generator_inst/inst_fifo_gen/gaxis_fifo.gaxisf.axisf/grf.rf/rstblk/RST                                          |                4 |             24 |
|  clk_IBUF_BUFG | xs[0].ys[0].instnce.nbyn_main_instance/main_pe/scheduler_inst/o_data_pci0                                                                                                                                   |                                                                                                                                                                                                  |              206 |            256 |
|  clk_IBUF_BUFG | xs[0].ys[1].instnce.nbyn_instance/switch/o_data_pe_reg[264]_inv_1[0]                                                                                                                                        |                                                                                                                                                                                                  |               80 |            261 |
|  clk_IBUF_BUFG | xs[0].ys[1].instnce.nbyn_instance/switch/E[0]                                                                                                                                                               |                                                                                                                                                                                                  |               42 |            261 |
|  clk_IBUF_BUFG | xs[1].ys[1].instnce.nbyn_instance/switch/o_data_pe_reg[264]_inv_4[0]                                                                                                                                        |                                                                                                                                                                                                  |               80 |            261 |
|  clk_IBUF_BUFG | xs[0].ys[2].instnce.nbyn_instance/switch/o_valid_reg[0]                                                                                                                                                     |                                                                                                                                                                                                  |               56 |            261 |
|  clk_IBUF_BUFG | xs[3].ys[3].instnce.nbyn_instance/switch/E[0]                                                                                                                                                               |                                                                                                                                                                                                  |               48 |            261 |
|  clk_IBUF_BUFG | xs[0].ys[3].instnce.nbyn_instance/switch/E[0]                                                                                                                                                               |                                                                                                                                                                                                  |               44 |            261 |
|  clk_IBUF_BUFG | xs[0].ys[3].instnce.nbyn_instance/switch/o_data_pe_reg[264][0]                                                                                                                                              |                                                                                                                                                                                                  |               77 |            261 |
|  clk_IBUF_BUFG | xs[1].ys[1].instnce.nbyn_instance/switch/o_valid_reg[0]                                                                                                                                                     |                                                                                                                                                                                                  |               50 |            261 |
|  clk_IBUF_BUFG | xs[3].ys[3].instnce.nbyn_instance/switch/o_data_pe_reg[264]_inv_0[0]                                                                                                                                        |                                                                                                                                                                                                  |               78 |            261 |
|  clk_IBUF_BUFG | xs[3].ys[0].instnce.nbyn_instance/switch/E[0]                                                                                                                                                               |                                                                                                                                                                                                  |               59 |            261 |
|  clk_IBUF_BUFG | xs[3].ys[1].instnce.nbyn_instance/switch/o_data_pe_reg[264]_inv_3[0]                                                                                                                                        |                                                                                                                                                                                                  |               75 |            261 |
|  clk_IBUF_BUFG | xs[3].ys[1].instnce.nbyn_instance/switch/o_data_pe_reg[264]_inv_6[0]                                                                                                                                        |                                                                                                                                                                                                  |               71 |            261 |
|  clk_IBUF_BUFG | xs[3].ys[3].instnce.nbyn_instance/switch/o_data_pe_reg[4]_0[0]                                                                                                                                              |                                                                                                                                                                                                  |               73 |            261 |
|  clk_IBUF_BUFG | xs[3].ys[1].instnce.nbyn_instance/switch/o_valid_reg[0]                                                                                                                                                     |                                                                                                                                                                                                  |               44 |            261 |
|  clk_IBUF_BUFG | xs[1].ys[0].instnce.nbyn_instance/switch/o_valid_reg_0[0]                                                                                                                                                   |                                                                                                                                                                                                  |               58 |            261 |
|  clk_IBUF_BUFG | xs[3].ys[2].instnce.nbyn_instance/switch/o_data_pe_reg[264]_inv_1[0]                                                                                                                                        |                                                                                                                                                                                                  |               77 |            261 |
|  clk_IBUF_BUFG | xs[1].ys[2].instnce.nbyn_instance/switch/o_data_pe_reg[264]_inv_3[0]                                                                                                                                        |                                                                                                                                                                                                  |               84 |            261 |
|  clk_IBUF_BUFG | xs[1].ys[2].instnce.nbyn_instance/switch/o_valid_reg[0]                                                                                                                                                     |                                                                                                                                                                                                  |               60 |            261 |
|  clk_IBUF_BUFG | xs[1].ys[3].instnce.nbyn_instance/switch/o_data_pe_reg[264]_inv_2[0]                                                                                                                                        |                                                                                                                                                                                                  |               77 |            261 |
|  clk_IBUF_BUFG | xs[1].ys[3].instnce.nbyn_instance/switch/o_valid_reg[0]                                                                                                                                                     |                                                                                                                                                                                                  |               62 |            261 |
|  clk_IBUF_BUFG | xs[3].ys[0].instnce.nbyn_instance/switch/o_data_pe_reg[264]_inv_1[0]                                                                                                                                        |                                                                                                                                                                                                  |               73 |            261 |
|  clk_IBUF_BUFG | xs[2].ys[0].instnce.nbyn_instance/switch/o_valid_reg[0]                                                                                                                                                     |                                                                                                                                                                                                  |               60 |            261 |
|  clk_IBUF_BUFG | xs[2].ys[1].instnce.nbyn_instance/switch/o_data_pe_reg[264]_inv_1[0]                                                                                                                                        |                                                                                                                                                                                                  |               76 |            261 |
|  clk_IBUF_BUFG | xs[3].ys[2].instnce.nbyn_instance/switch/o_valid_reg[0]                                                                                                                                                     |                                                                                                                                                                                                  |               49 |            261 |
|  clk_IBUF_BUFG | xs[2].ys[1].instnce.nbyn_instance/switch/o_valid_reg[0]                                                                                                                                                     |                                                                                                                                                                                                  |               53 |            261 |
|  clk_IBUF_BUFG | xs[0].ys[0].instnce.nbyn_main_instance/main_switch/E[0]                                                                                                                                                     |                                                                                                                                                                                                  |               77 |            261 |
|  clk_IBUF_BUFG | xs[2].ys[3].instnce.nbyn_instance/switch/o_data_pe_reg[264]_inv_1[0]                                                                                                                                        |                                                                                                                                                                                                  |               78 |            261 |
|  clk_IBUF_BUFG | xs[2].ys[3].instnce.nbyn_instance/switch/o_valid_reg[0]                                                                                                                                                     |                                                                                                                                                                                                  |               52 |            261 |
|  clk_IBUF_BUFG | xs[1].ys[1].instnce.nbyn_instance/switch/o_data_pe_reg[264]_inv_2[0]                                                                                                                                        |                                                                                                                                                                                                  |               81 |            261 |
|  clk_IBUF_BUFG | xs[0].ys[1].instnce.nbyn_instance/switch/o_data_pe_reg[264]_inv_4[0]                                                                                                                                        |                                                                                                                                                                                                  |               71 |            261 |
|  clk_IBUF_BUFG | xs[2].ys[2].instnce.nbyn_instance/switch/o_valid_reg[0]                                                                                                                                                     |                                                                                                                                                                                                  |               57 |            261 |
|  clk_IBUF_BUFG | xs[0].ys[0].instnce.nbyn_main_instance/main_pe/fifo/inst/gen_fifo_generator.fifo_generator_inst/inst_fifo_gen/gaxis_fifo.gaxisf.axisf/grf.rf/gntv_or_sync_fifo.gl0.rd/gr1.rfwft/goreg_bm.dout_i_reg[271][0] |                                                                                                                                                                                                  |               43 |            265 |
|  clk_IBUF_BUFG | xs[1].ys[2].instnce.nbyn_instance/switch/o_data_r_reg[264]_1[0]                                                                                                                                             |                                                                                                                                                                                                  |               76 |            265 |
|  clk_IBUF_BUFG | xs[0].ys[1].instnce.nbyn_instance/switch/o_data_t_reg[264]_0[0]                                                                                                                                             |                                                                                                                                                                                                  |               76 |            265 |
|  clk_IBUF_BUFG | xs[1].ys[2].instnce.nbyn_instance/o_data_t0                                                                                                                                                                 |                                                                                                                                                                                                  |               74 |            265 |
|  clk_IBUF_BUFG | xs[0].ys[2].instnce.nbyn_instance/switch/o_data_r_reg[0]_0[0]                                                                                                                                               |                                                                                                                                                                                                  |               70 |            265 |
|  clk_IBUF_BUFG | xs[1].ys[3].instnce.nbyn_instance/switch/o_data_r_reg[264]_0[0]                                                                                                                                             |                                                                                                                                                                                                  |               74 |            265 |
|  clk_IBUF_BUFG | xs[0].ys[2].instnce.nbyn_instance/o_data_r[264]_i_1_n_0                                                                                                                                                     |                                                                                                                                                                                                  |               72 |            265 |
|  clk_IBUF_BUFG | xs[1].ys[3].instnce.nbyn_instance/o_data_t[264]_i_1_n_0                                                                                                                                                     |                                                                                                                                                                                                  |               76 |            265 |
|  clk_IBUF_BUFG | xs[0].ys[0].instnce.nbyn_main_instance/main_pe/o_data_r_reg[264]_0[0]                                                                                                                                       |                                                                                                                                                                                                  |               72 |            265 |
|  clk_IBUF_BUFG | xs[3].ys[0].instnce.nbyn_instance/switch/o_data_r_reg[264]_1[0]                                                                                                                                             |                                                                                                                                                                                                  |               73 |            265 |
|  clk_IBUF_BUFG | xs[0].ys[0].instnce.nbyn_main_instance/main_switch/o_data_r_reg[0]_0[0]                                                                                                                                     |                                                                                                                                                                                                  |               72 |            265 |
|  clk_IBUF_BUFG | xs[2].ys[0].instnce.nbyn_instance/switch/o_data_t_reg[0]_2[0]                                                                                                                                               |                                                                                                                                                                                                  |               77 |            265 |
|  clk_IBUF_BUFG | xs[3].ys[1].instnce.nbyn_instance/switch/o_data_r_reg[264]_0[0]                                                                                                                                             |                                                                                                                                                                                                  |               72 |            265 |
|  clk_IBUF_BUFG | xs[2].ys[0].instnce.nbyn_instance/o_data_t[264]_i_1_n_0                                                                                                                                                     |                                                                                                                                                                                                  |               80 |            265 |
|  clk_IBUF_BUFG | xs[3].ys[1].instnce.nbyn_instance/o_data_t[264]_i_1_n_0                                                                                                                                                     |                                                                                                                                                                                                  |               75 |            265 |
|  clk_IBUF_BUFG | xs[3].ys[2].instnce.nbyn_instance/o_data_t[264]_i_1_n_0                                                                                                                                                     |                                                                                                                                                                                                  |               72 |            265 |
|  clk_IBUF_BUFG | xs[1].ys[0].instnce.nbyn_instance/o_data_t[264]_i_1_n_0                                                                                                                                                     |                                                                                                                                                                                                  |               77 |            265 |
|  clk_IBUF_BUFG | xs[2].ys[1].instnce.nbyn_instance/o_data_r[264]_i_1_n_0                                                                                                                                                     |                                                                                                                                                                                                  |               75 |            265 |
|  clk_IBUF_BUFG | xs[2].ys[1].instnce.nbyn_instance/o_data_t0                                                                                                                                                                 |                                                                                                                                                                                                  |               76 |            265 |
|  clk_IBUF_BUFG | xs[2].ys[2].instnce.nbyn_instance/switch/o_data_r_reg[264]_0[0]                                                                                                                                             |                                                                                                                                                                                                  |               77 |            265 |
|  clk_IBUF_BUFG | xs[3].ys[3].instnce.nbyn_instance/switch/o_data_r_reg[264]_1[0]                                                                                                                                             |                                                                                                                                                                                                  |               78 |            265 |
|  clk_IBUF_BUFG | xs[2].ys[2].instnce.nbyn_instance/o_data_t0                                                                                                                                                                 |                                                                                                                                                                                                  |               70 |            265 |
|  clk_IBUF_BUFG | xs[3].ys[3].instnce.nbyn_instance/switch/o_data_t_reg[264]_2[0]                                                                                                                                             |                                                                                                                                                                                                  |               70 |            265 |
|  clk_IBUF_BUFG | xs[2].ys[3].instnce.nbyn_instance/switch/o_data_r_reg[264]_2[0]                                                                                                                                             |                                                                                                                                                                                                  |               74 |            265 |
|  clk_IBUF_BUFG | xs[2].ys[1].instnce.nbyn_instance/switch/o_data_r_reg[264]_0[0]                                                                                                                                             |                                                                                                                                                                                                  |               75 |            265 |
|  clk_IBUF_BUFG | xs[1].ys[0].instnce.nbyn_instance/switch/o_data_r_reg[0]_1[0]                                                                                                                                               |                                                                                                                                                                                                  |               79 |            265 |
|  clk_IBUF_BUFG | xs[2].ys[3].instnce.nbyn_instance/o_data_t[264]_i_1_n_0                                                                                                                                                     |                                                                                                                                                                                                  |               75 |            265 |
|  clk_IBUF_BUFG | xs[0].ys[0].instnce.nbyn_main_instance/main_switch/o_data_t_reg[264]_2[0]                                                                                                                                   |                                                                                                                                                                                                  |               75 |            265 |
|  clk_IBUF_BUFG | xs[0].ys[0].instnce.nbyn_main_instance/main_pe/E[0]                                                                                                                                                         |                                                                                                                                                                                                  |               72 |            265 |
|  clk_IBUF_BUFG | xs[0].ys[0].instnce.nbyn_main_instance/main_pe/scheduler_inst/o_data0                                                                                                                                       |                                                                                                                                                                                                  |               59 |            265 |
|  clk_IBUF_BUFG | xs[1].ys[1].instnce.nbyn_instance/switch/o_data_r_reg[264]_0[0]                                                                                                                                             |                                                                                                                                                                                                  |               76 |            265 |
|  clk_IBUF_BUFG | xs[1].ys[1].instnce.nbyn_instance/o_data_r[264]_i_1_n_0                                                                                                                                                     |                                                                                                                                                                                                  |               77 |            265 |
|  clk_IBUF_BUFG | xs[1].ys[1].instnce.nbyn_instance/o_data_t0                                                                                                                                                                 |                                                                                                                                                                                                  |               77 |            265 |
|  clk_IBUF_BUFG | xs[2].ys[3].instnce.nbyn_instance/switch/o_data_t_reg[0]_1[0]                                                                                                                                               |                                                                                                                                                                                                  |               75 |            265 |
|  clk_IBUF_BUFG | xs[0].ys[0].instnce.nbyn_main_instance/main_switch/o_valid_pe                                                                                                                                               |                                                                                                                                                                                                  |              130 |            269 |
|  clk_IBUF_BUFG |                                                                                                                                                                                                             |                                                                                                                                                                                                  |             2504 |           4460 |
+----------------+-------------------------------------------------------------------------------------------------------------------------------------------------------------------------------------------------------------+--------------------------------------------------------------------------------------------------------------------------------------------------------------------------------------------------+------------------+----------------+


